// Jest Snapshot v1, https://goo.gl/fbAQLP

exports[`renders correctly: create 1`] = `<DocumentFragment />`;
